node1
/usr/bin/bash:行2: git: 未找到命令
编译选项：-O3；块大小：41
正在测试：benchmark-test-final-O3
Description:	Simple blocked sgemm.

M=31 N=31 K=31	Gflop/s: 4.27 (8192 iter, 0.114 s)
M=32 N=32 K=32	Gflop/s: 4.28 (8192 iter, 0.126 s)
M=33 N=33 K=33	Gflop/s: 4.29 (8192 iter, 0.137 s)
M=63 N=63 K=63	Gflop/s: 4.26 (1024 iter, 0.120 s)
M=64 N=64 K=64	Gflop/s: 4.27 (1024 iter, 0.126 s)
M=65 N=65 K=65	Gflop/s: 4.27 (1024 iter, 0.132 s)
M=95 N=95 K=95	Gflop/s: 4.24 (256 iter, 0.103 s)
M=96 N=96 K=96	Gflop/s: 4.25 (256 iter, 0.107 s)
M=97 N=97 K=97	Gflop/s: 4.26 (256 iter, 0.110 s)
M=127 N=127 K=127	Gflop/s: 4.25 (128 iter, 0.123 s)
M=128 N=128 K=128	Gflop/s: 4.24 (128 iter, 0.127 s)
M=129 N=129 K=129	Gflop/s: 4.27 (128 iter, 0.129 s)
M=159 N=159 K=159	Gflop/s: 4.32 (64 iter, 0.119 s)
M=160 N=160 K=160	Gflop/s: 4.33 (64 iter, 0.121 s)
M=161 N=161 K=161	Gflop/s: 4.33 (64 iter, 0.123 s)
M=191 N=191 K=191	Gflop/s: 4.31 (32 iter, 0.103 s)
M=192 N=192 K=192	Gflop/s: 4.28 (32 iter, 0.106 s)
M=193 N=193 K=193	Gflop/s: 4.32 (32 iter, 0.107 s)
M=223 N=223 K=223	Gflop/s: 4.3 (32 iter, 0.165 s)
M=224 N=224 K=224	Gflop/s: 4.29 (32 iter, 0.168 s)
M=225 N=225 K=225	Gflop/s: 4.29 (32 iter, 0.170 s)
M=255 N=255 K=255	Gflop/s: 4.26 (16 iter, 0.125 s)
M=256 N=256 K=256	Gflop/s: 4.23 (16 iter, 0.127 s)
M=257 N=257 K=257	Gflop/s: 4.24 (16 iter, 0.128 s)
M=287 N=287 K=287	Gflop/s: 4.32 (16 iter, 0.175 s)
M=288 N=288 K=288	Gflop/s: 4.29 (16 iter, 0.178 s)
M=289 N=289 K=289	Gflop/s: 4.28 (16 iter, 0.181 s)
M=319 N=319 K=319	Gflop/s: 4.31 (8 iter, 0.121 s)
M=320 N=320 K=320	Gflop/s: 4.31 (8 iter, 0.122 s)
M=321 N=321 K=321	Gflop/s: 4.31 (8 iter, 0.123 s)
M=384 N=384 K=384	Gflop/s: 4.26 (4 iter, 0.106 s)
M=392 N=392 K=392	Gflop/s: 4.3 (4 iter, 0.112 s)
M=452 N=452 K=452	Gflop/s: 4.25 (4 iter, 0.174 s)
M=472 N=472 K=472	Gflop/s: 4.25 (4 iter, 0.198 s)
M=496 N=496 K=496	Gflop/s: 4.23 (2 iter, 0.115 s)
M=511 N=511 K=511	Gflop/s: 4.09 (2 iter, 0.130 s)
M=512 N=512 K=512	Gflop/s: 3.25 (2 iter, 0.165 s)
M=513 N=513 K=513	Gflop/s: 4.09 (2 iter, 0.132 s)
M=528 N=528 K=528	Gflop/s: 4.23 (2 iter, 0.139 s)
M=575 N=575 K=575	Gflop/s: 4.19 (2 iter, 0.181 s)
M=576 N=576 K=576	Gflop/s: 4.19 (2 iter, 0.183 s)
M=577 N=577 K=577	Gflop/s: 4.19 (2 iter, 0.183 s)
M=640 N=640 K=640	Gflop/s: 4.17 (2 iter, 0.251 s)
M=641 N=641 K=641	Gflop/s: 4.18 (2 iter, 0.252 s)
M=767 N=767 K=767	Gflop/s: 4.12 (2 iter, 0.438 s)
M=768 N=768 K=768	Gflop/s: 4.1 (2 iter, 0.442 s)
M=769 N=769 K=769	Gflop/s: 4.13 (2 iter, 0.440 s)
M=895 N=895 K=895	Gflop/s: 4.13 (2 iter, 0.695 s)
M=896 N=896 K=896	Gflop/s: 4.11 (2 iter, 0.701 s)
M=897 N=897 K=897	Gflop/s: 4.13 (2 iter, 0.699 s)
M=1023 N=1023 K=1023	Gflop/s: 3.83 (2 iter, 1.119 s)
M=1024 N=1024 K=1024	Gflop/s: 2.71 (2 iter, 1.585 s)
M=1025 N=1025 K=1025	Gflop/s: 3.9 (2 iter, 1.105 s)
M=64 N=64 K=4096	Gflop/s: 4.02 (16 iter, 0.134 s)
M=4096 N=64 K=64	Gflop/s: 2.78 (16 iter, 0.193 s)
M=64 N=4096 K=64	Gflop/s: 4.23 (16 iter, 0.127 s)
M=4096 N=64 K=4096	Gflop/s: 2.97 (2 iter, 1.445 s)
M=64 N=4096 K=4096	Gflop/s: 4.09 (2 iter, 1.050 s)
benchmark-test-final-O3 退出码：0
正在测试：benchmark-test-final
Description:	Simple blocked sgemm.

M=31 N=31 K=31	Gflop/s: 6.76 (16384 iter, 0.144 s)
M=32 N=32 K=32	Gflop/s: 11.2 (32768 iter, 0.191 s)
M=33 N=33 K=33	Gflop/s: 7.25 (16384 iter, 0.162 s)
M=63 N=63 K=63	Gflop/s: 6.87 (2048 iter, 0.149 s)
M=64 N=64 K=64	Gflop/s: 7.27 (2048 iter, 0.148 s)
M=65 N=65 K=65	Gflop/s: 7.16 (2048 iter, 0.157 s)
M=95 N=95 K=95	Gflop/s: 7 (512 iter, 0.125 s)
M=96 N=96 K=96	Gflop/s: 7.19 (512 iter, 0.126 s)
M=97 N=97 K=97	Gflop/s: 7.1 (512 iter, 0.132 s)
M=127 N=127 K=127	Gflop/s: 7.55 (256 iter, 0.139 s)
M=128 N=128 K=128	Gflop/s: 7.16 (256 iter, 0.150 s)
M=129 N=129 K=129	Gflop/s: 7.38 (256 iter, 0.149 s)
M=159 N=159 K=159	Gflop/s: 8.19 (128 iter, 0.126 s)
M=160 N=160 K=160	Gflop/s: 8.25 (128 iter, 0.127 s)
M=161 N=161 K=161	Gflop/s: 8.31 (128 iter, 0.129 s)
M=191 N=191 K=191	Gflop/s: 7.81 (64 iter, 0.114 s)
M=192 N=192 K=192	Gflop/s: 8.31 (64 iter, 0.109 s)
M=193 N=193 K=193	Gflop/s: 8.07 (64 iter, 0.114 s)
M=223 N=223 K=223	Gflop/s: 7.65 (64 iter, 0.186 s)
M=224 N=224 K=224	Gflop/s: 8.26 (64 iter, 0.174 s)
M=225 N=225 K=225	Gflop/s: 7.91 (64 iter, 0.184 s)
M=255 N=255 K=255	Gflop/s: 7.59 (32 iter, 0.140 s)
M=256 N=256 K=256	Gflop/s: 8.01 (32 iter, 0.134 s)
M=257 N=257 K=257	Gflop/s: 7.8 (32 iter, 0.139 s)
M=287 N=287 K=287	Gflop/s: 8.33 (32 iter, 0.182 s)
M=288 N=288 K=288	Gflop/s: 8.24 (32 iter, 0.186 s)
M=289 N=289 K=289	Gflop/s: 8.01 (32 iter, 0.193 s)
M=319 N=319 K=319	Gflop/s: 8.14 (16 iter, 0.128 s)
M=320 N=320 K=320	Gflop/s: 8.65 (16 iter, 0.121 s)
M=321 N=321 K=321	Gflop/s: 8.19 (16 iter, 0.129 s)
M=384 N=384 K=384	Gflop/s: 8.29 (8 iter, 0.109 s)
M=392 N=392 K=392	Gflop/s: 8.53 (8 iter, 0.113 s)
M=452 N=452 K=452	Gflop/s: 8.4 (8 iter, 0.176 s)
M=472 N=472 K=472	Gflop/s: 8.44 (8 iter, 0.199 s)
M=496 N=496 K=496	Gflop/s: 8.54 (4 iter, 0.114 s)
M=511 N=511 K=511	Gflop/s: 7.73 (4 iter, 0.138 s)
M=512 N=512 K=512	Gflop/s: 7.49 (4 iter, 0.143 s)
M=513 N=513 K=513	Gflop/s: 7.74 (4 iter, 0.140 s)
M=528 N=528 K=528	Gflop/s: 8.77 (4 iter, 0.134 s)
M=575 N=575 K=575	Gflop/s: 8.09 (4 iter, 0.188 s)
M=576 N=576 K=576	Gflop/s: 8.45 (4 iter, 0.181 s)
M=577 N=577 K=577	Gflop/s: 8.09 (4 iter, 0.190 s)
M=640 N=640 K=640	Gflop/s: 8.5 (2 iter, 0.123 s)
M=641 N=641 K=641	Gflop/s: 8.22 (2 iter, 0.128 s)
M=767 N=767 K=767	Gflop/s: 8.19 (2 iter, 0.220 s)
M=768 N=768 K=768	Gflop/s: 8.28 (2 iter, 0.219 s)
M=769 N=769 K=769	Gflop/s: 8.26 (2 iter, 0.220 s)
M=895 N=895 K=895	Gflop/s: 8.24 (2 iter, 0.348 s)
M=896 N=896 K=896	Gflop/s: 8.68 (2 iter, 0.332 s)
M=897 N=897 K=897	Gflop/s: 8.36 (2 iter, 0.345 s)
M=1023 N=1023 K=1023	Gflop/s: 7.76 (2 iter, 0.552 s)
M=1024 N=1024 K=1024	Gflop/s: 7.02 (2 iter, 0.612 s)
M=1025 N=1025 K=1025	Gflop/s: 7.77 (2 iter, 0.555 s)
M=64 N=64 K=4096	Gflop/s: 7.17 (32 iter, 0.150 s)
M=4096 N=64 K=64	Gflop/s: 6.77 (32 iter, 0.159 s)
M=64 N=4096 K=64	Gflop/s: 7.17 (32 iter, 0.150 s)
M=4096 N=64 K=4096	Gflop/s: 7.21 (2 iter, 0.596 s)
M=64 N=4096 K=4096	Gflop/s: 7.16 (2 iter, 0.600 s)
benchmark-test-final 退出码：0
